nftset=/t.me/4#inet#fw4#vpn_domains
nftset=/tg.dev/4#inet#fw4#vpn_domains
nftset=/tg.org/4#inet#fw4#vpn_domains
nftset=/tx.me/4#inet#fw4#vpn_domains
nftset=/teleg.xyz/4#inet#fw4#vpn_domains
nftset=/telegram.ai/4#inet#fw4#vpn_domains
nftset=/telegram.asia/4#inet#fw4#vpn_domains
nftset=/telegram.biz/4#inet#fw4#vpn_domains
nftset=/telegram.cloud/4#inet#fw4#vpn_domains
nftset=/telegram.cn/4#inet#fw4#vpn_domains
nftset=/telegram.co/4#inet#fw4#vpn_domains
nftset=/telegram.com/4#inet#fw4#vpn_domains
nftset=/telegram.de/4#inet#fw4#vpn_domains
nftset=/telegram.dev/4#inet#fw4#vpn_domains
nftset=/telegram.dog/4#inet#fw4#vpn_domains
nftset=/telegram.eu/4#inet#fw4#vpn_domains
nftset=/telegram.fr/4#inet#fw4#vpn_domains
nftset=/telegram.host/4#inet#fw4#vpn_domains
nftset=/telegram.in/4#inet#fw4#vpn_domains
nftset=/telegram.info/4#inet#fw4#vpn_domains
nftset=/telegram.io/4#inet#fw4#vpn_domains
nftset=/telegram.jp/4#inet#fw4#vpn_domains
nftset=/telegram.me/4#inet#fw4#vpn_domains
nftset=/telegram.net/4#inet#fw4#vpn_domains
nftset=/telegram.org/4#inet#fw4#vpn_domains
nftset=/telegram.qa/4#inet#fw4#vpn_domains
nftset=/telegram.ru/4#inet#fw4#vpn_domains
nftset=/telegram.services/4#inet#fw4#vpn_domains
nftset=/telegram.solutions/4#inet#fw4#vpn_domains
nftset=/telegram.space/4#inet#fw4#vpn_domains
nftset=/telegram.team/4#inet#fw4#vpn_domains
nftset=/telegram.tech/4#inet#fw4#vpn_domains
nftset=/telegram.uk/4#inet#fw4#vpn_domains
nftset=/telegram.us/4#inet#fw4#vpn_domains
nftset=/telegram.website/4#inet#fw4#vpn_domains
nftset=/telegram.xyz/4#inet#fw4#vpn_domains
nftset=/telegramapp.org/4#inet#fw4#vpn_domains
nftset=/telegra.ph/4#inet#fw4#vpn_domains
nftset=/telesco.pe/4#inet#fw4#vpn_domains
nftset=/nicegram.app/4#inet#fw4#vpn_domains
nftset=/telegramdownload.com/4#inet#fw4#vpn_domains
nftset=/cdn-telegram.org/4#inet#fw4#vpn_domains
nftset=/comments.app/4#inet#fw4#vpn_domains
nftset=/contest.com/4#inet#fw4#vpn_domains
nftset=/fragment.com/4#inet#fw4#vpn_domains
nftset=/graph.org/4#inet#fw4#vpn_domains
nftset=/quiz.directory/4#inet#fw4#vpn_domains
nftset=/tdesktop.com/4#inet#fw4#vpn_domains
nftset=/telega.one/4#inet#fw4#vpn_domains
nftset=/telegram-cdn.org/4#inet#fw4#vpn_domains
nftset=/usercontent.dev/4#inet#fw4#vpn_domains
nftset=/tgram.org/4#inet#fw4#vpn_domains
nftset=/torg.org/4#inet#fw4#vpn_domains
